Archive member included to satisfy reference by file (symbol)

c:/st/stm32cubeide_1.8.0/stm32cubeide/plugins/com.st.stm32cube.ide.mcu.externaltools.gnu-tools-for-stm32.9-2020-q2-update.win32_2.0.0.202105311346/tools/bin/../lib/gcc/arm-none-eabi/9.3.1/../../../../arm-none-eabi/lib/thumb/v7e-m/nofp\libc_nano.a(lib_a-errno.o)
                              ./Src/syscalls.o (__errno)
c:/st/stm32cubeide_1.8.0/stm32cubeide/plugins/com.st.stm32cube.ide.mcu.externaltools.gnu-tools-for-stm32.9-2020-q2-update.win32_2.0.0.202105311346/tools/bin/../lib/gcc/arm-none-eabi/9.3.1/../../../../arm-none-eabi/lib/thumb/v7e-m/nofp\libc_nano.a(lib_a-exit.o)
                              c:/st/stm32cubeide_1.8.0/stm32cubeide/plugins/com.st.stm32cube.ide.mcu.externaltools.gnu-tools-for-stm32.9-2020-q2-update.win32_2.0.0.202105311346/tools/bin/../lib/gcc/arm-none-eabi/9.3.1/../../../../arm-none-eabi/lib/thumb/v7e-m/nofp/crt0.o (exit)
c:/st/stm32cubeide_1.8.0/stm32cubeide/plugins/com.st.stm32cube.ide.mcu.externaltools.gnu-tools-for-stm32.9-2020-q2-update.win32_2.0.0.202105311346/tools/bin/../lib/gcc/arm-none-eabi/9.3.1/../../../../arm-none-eabi/lib/thumb/v7e-m/nofp\libc_nano.a(lib_a-impure.o)
                              c:/st/stm32cubeide_1.8.0/stm32cubeide/plugins/com.st.stm32cube.ide.mcu.externaltools.gnu-tools-for-stm32.9-2020-q2-update.win32_2.0.0.202105311346/tools/bin/../lib/gcc/arm-none-eabi/9.3.1/../../../../arm-none-eabi/lib/thumb/v7e-m/nofp\libc_nano.a(lib_a-exit.o) (_global_impure_ptr)
c:/st/stm32cubeide_1.8.0/stm32cubeide/plugins/com.st.stm32cube.ide.mcu.externaltools.gnu-tools-for-stm32.9-2020-q2-update.win32_2.0.0.202105311346/tools/bin/../lib/gcc/arm-none-eabi/9.3.1/../../../../arm-none-eabi/lib/thumb/v7e-m/nofp\libc_nano.a(lib_a-init.o)
                              c:/st/stm32cubeide_1.8.0/stm32cubeide/plugins/com.st.stm32cube.ide.mcu.externaltools.gnu-tools-for-stm32.9-2020-q2-update.win32_2.0.0.202105311346/tools/bin/../lib/gcc/arm-none-eabi/9.3.1/../../../../arm-none-eabi/lib/thumb/v7e-m/nofp/crt0.o (__libc_init_array)
c:/st/stm32cubeide_1.8.0/stm32cubeide/plugins/com.st.stm32cube.ide.mcu.externaltools.gnu-tools-for-stm32.9-2020-q2-update.win32_2.0.0.202105311346/tools/bin/../lib/gcc/arm-none-eabi/9.3.1/../../../../arm-none-eabi/lib/thumb/v7e-m/nofp\libc_nano.a(lib_a-memset.o)
                              c:/st/stm32cubeide_1.8.0/stm32cubeide/plugins/com.st.stm32cube.ide.mcu.externaltools.gnu-tools-for-stm32.9-2020-q2-update.win32_2.0.0.202105311346/tools/bin/../lib/gcc/arm-none-eabi/9.3.1/../../../../arm-none-eabi/lib/thumb/v7e-m/nofp/crt0.o (memset)

Discarded input sections

 .text          0x0000000000000000        0x0 c:/st/stm32cubeide_1.8.0/stm32cubeide/plugins/com.st.stm32cube.ide.mcu.externaltools.gnu-tools-for-stm32.9-2020-q2-update.win32_2.0.0.202105311346/tools/bin/../lib/gcc/arm-none-eabi/9.3.1/thumb/v7e-m/nofp/crti.o
 .data          0x0000000000000000        0x0 c:/st/stm32cubeide_1.8.0/stm32cubeide/plugins/com.st.stm32cube.ide.mcu.externaltools.gnu-tools-for-stm32.9-2020-q2-update.win32_2.0.0.202105311346/tools/bin/../lib/gcc/arm-none-eabi/9.3.1/thumb/v7e-m/nofp/crti.o
 .bss           0x0000000000000000        0x0 c:/st/stm32cubeide_1.8.0/stm32cubeide/plugins/com.st.stm32cube.ide.mcu.externaltools.gnu-tools-for-stm32.9-2020-q2-update.win32_2.0.0.202105311346/tools/bin/../lib/gcc/arm-none-eabi/9.3.1/thumb/v7e-m/nofp/crti.o
 .data          0x0000000000000000        0x4 c:/st/stm32cubeide_1.8.0/stm32cubeide/plugins/com.st.stm32cube.ide.mcu.externaltools.gnu-tools-for-stm32.9-2020-q2-update.win32_2.0.0.202105311346/tools/bin/../lib/gcc/arm-none-eabi/9.3.1/thumb/v7e-m/nofp/crtbegin.o
 .text          0x0000000000000000       0x7c c:/st/stm32cubeide_1.8.0/stm32cubeide/plugins/com.st.stm32cube.ide.mcu.externaltools.gnu-tools-for-stm32.9-2020-q2-update.win32_2.0.0.202105311346/tools/bin/../lib/gcc/arm-none-eabi/9.3.1/../../../../arm-none-eabi/lib/thumb/v7e-m/nofp/crt0.o
 .data          0x0000000000000000        0x0 c:/st/stm32cubeide_1.8.0/stm32cubeide/plugins/com.st.stm32cube.ide.mcu.externaltools.gnu-tools-for-stm32.9-2020-q2-update.win32_2.0.0.202105311346/tools/bin/../lib/gcc/arm-none-eabi/9.3.1/../../../../arm-none-eabi/lib/thumb/v7e-m/nofp/crt0.o
 .bss           0x0000000000000000        0x0 c:/st/stm32cubeide_1.8.0/stm32cubeide/plugins/com.st.stm32cube.ide.mcu.externaltools.gnu-tools-for-stm32.9-2020-q2-update.win32_2.0.0.202105311346/tools/bin/../lib/gcc/arm-none-eabi/9.3.1/../../../../arm-none-eabi/lib/thumb/v7e-m/nofp/crt0.o
 .ARM.extab     0x0000000000000000        0x0 c:/st/stm32cubeide_1.8.0/stm32cubeide/plugins/com.st.stm32cube.ide.mcu.externaltools.gnu-tools-for-stm32.9-2020-q2-update.win32_2.0.0.202105311346/tools/bin/../lib/gcc/arm-none-eabi/9.3.1/../../../../arm-none-eabi/lib/thumb/v7e-m/nofp/crt0.o
 .ARM.exidx     0x0000000000000000       0x10 c:/st/stm32cubeide_1.8.0/stm32cubeide/plugins/com.st.stm32cube.ide.mcu.externaltools.gnu-tools-for-stm32.9-2020-q2-update.win32_2.0.0.202105311346/tools/bin/../lib/gcc/arm-none-eabi/9.3.1/../../../../arm-none-eabi/lib/thumb/v7e-m/nofp/crt0.o
 .ARM.attributes
                0x0000000000000000       0x1c c:/st/stm32cubeide_1.8.0/stm32cubeide/plugins/com.st.stm32cube.ide.mcu.externaltools.gnu-tools-for-stm32.9-2020-q2-update.win32_2.0.0.202105311346/tools/bin/../lib/gcc/arm-none-eabi/9.3.1/../../../../arm-none-eabi/lib/thumb/v7e-m/nofp/crt0.o
 .group         0x0000000000000000        0xc ./Driver/Src/Stm32f44xx_SPI.o
 .group         0x0000000000000000        0xc ./Driver/Src/Stm32f44xx_SPI.o
 .group         0x0000000000000000        0xc ./Driver/Src/Stm32f44xx_SPI.o
 .group         0x0000000000000000        0xc ./Driver/Src/Stm32f44xx_SPI.o
 .group         0x0000000000000000        0xc ./Driver/Src/Stm32f44xx_SPI.o
 .group         0x0000000000000000        0xc ./Driver/Src/Stm32f44xx_SPI.o
 .group         0x0000000000000000        0xc ./Driver/Src/Stm32f44xx_SPI.o
 .group         0x0000000000000000        0xc ./Driver/Src/Stm32f44xx_SPI.o
 .group         0x0000000000000000        0xc ./Driver/Src/Stm32f44xx_SPI.o
 .group         0x0000000000000000        0xc ./Driver/Src/Stm32f44xx_SPI.o
 .text          0x0000000000000000        0x0 ./Driver/Src/Stm32f44xx_SPI.o
 .data          0x0000000000000000        0x0 ./Driver/Src/Stm32f44xx_SPI.o
 .bss           0x0000000000000000        0x0 ./Driver/Src/Stm32f44xx_SPI.o
 .debug_info    0x0000000000000000       0x68 ./Driver/Src/Stm32f44xx_SPI.o
 .debug_abbrev  0x0000000000000000       0x29 ./Driver/Src/Stm32f44xx_SPI.o
 .debug_aranges
                0x0000000000000000       0x18 ./Driver/Src/Stm32f44xx_SPI.o
 .debug_macro   0x0000000000000000       0x84 ./Driver/Src/Stm32f44xx_SPI.o
 .debug_macro   0x0000000000000000      0xaa8 ./Driver/Src/Stm32f44xx_SPI.o
 .debug_macro   0x0000000000000000       0x22 ./Driver/Src/Stm32f44xx_SPI.o
 .debug_macro   0x0000000000000000       0x8e ./Driver/Src/Stm32f44xx_SPI.o
 .debug_macro   0x0000000000000000       0x51 ./Driver/Src/Stm32f44xx_SPI.o
 .debug_macro   0x0000000000000000      0x103 ./Driver/Src/Stm32f44xx_SPI.o
 .debug_macro   0x0000000000000000       0x6a ./Driver/Src/Stm32f44xx_SPI.o
 .debug_macro   0x0000000000000000      0x1df ./Driver/Src/Stm32f44xx_SPI.o
 .debug_macro   0x0000000000000000      0x1f7 ./Driver/Src/Stm32f44xx_SPI.o
 .debug_macro   0x0000000000000000       0x4c ./Driver/Src/Stm32f44xx_SPI.o
 .debug_macro   0x0000000000000000      0x1ab ./Driver/Src/Stm32f44xx_SPI.o
 .debug_line    0x0000000000000000      0x426 ./Driver/Src/Stm32f44xx_SPI.o
 .debug_str     0x0000000000000000     0x5190 ./Driver/Src/Stm32f44xx_SPI.o
 .comment       0x0000000000000000       0x54 ./Driver/Src/Stm32f44xx_SPI.o
 .ARM.attributes
                0x0000000000000000       0x33 ./Driver/Src/Stm32f44xx_SPI.o
 .group         0x0000000000000000        0xc ./Driver/Src/Stm32f44xx_gpio.o
 .group         0x0000000000000000        0xc ./Driver/Src/Stm32f44xx_gpio.o
 .group         0x0000000000000000        0xc ./Driver/Src/Stm32f44xx_gpio.o
 .group         0x0000000000000000        0xc ./Driver/Src/Stm32f44xx_gpio.o
 .group         0x0000000000000000        0xc ./Driver/Src/Stm32f44xx_gpio.o
 .group         0x0000000000000000        0xc ./Driver/Src/Stm32f44xx_gpio.o
 .group         0x0000000000000000        0xc ./Driver/Src/Stm32f44xx_gpio.o
 .group         0x0000000000000000        0xc ./Driver/Src/Stm32f44xx_gpio.o
 .group         0x0000000000000000        0xc ./Driver/Src/Stm32f44xx_gpio.o
 .text          0x0000000000000000        0x0 ./Driver/Src/Stm32f44xx_gpio.o
 .data          0x0000000000000000        0x0 ./Driver/Src/Stm32f44xx_gpio.o
 .bss           0x0000000000000000        0x0 ./Driver/Src/Stm32f44xx_gpio.o
 .text.GPIO_DeInit
                0x0000000000000000      0x144 ./Driver/Src/Stm32f44xx_gpio.o
 .text.GPIO_ReadPin
                0x0000000000000000       0x2a ./Driver/Src/Stm32f44xx_gpio.o
 .text.GPIO_ReadPort
                0x0000000000000000       0x1a ./Driver/Src/Stm32f44xx_gpio.o
 .text.GPIO_WritePort
                0x0000000000000000       0x1c ./Driver/Src/Stm32f44xx_gpio.o
 .debug_macro   0x0000000000000000      0xaa8 ./Driver/Src/Stm32f44xx_gpio.o
 .debug_macro   0x0000000000000000       0x22 ./Driver/Src/Stm32f44xx_gpio.o
 .debug_macro   0x0000000000000000       0x8e ./Driver/Src/Stm32f44xx_gpio.o
 .debug_macro   0x0000000000000000       0x51 ./Driver/Src/Stm32f44xx_gpio.o
 .debug_macro   0x0000000000000000      0x103 ./Driver/Src/Stm32f44xx_gpio.o
 .debug_macro   0x0000000000000000       0x6a ./Driver/Src/Stm32f44xx_gpio.o
 .debug_macro   0x0000000000000000      0x1df ./Driver/Src/Stm32f44xx_gpio.o
 .debug_macro   0x0000000000000000      0x1f7 ./Driver/Src/Stm32f44xx_gpio.o
 .group         0x0000000000000000        0xc ./Src/Led_Handle.o
 .group         0x0000000000000000        0xc ./Src/Led_Handle.o
 .group         0x0000000000000000        0xc ./Src/Led_Handle.o
 .group         0x0000000000000000        0xc ./Src/Led_Handle.o
 .group         0x0000000000000000        0xc ./Src/Led_Handle.o
 .group         0x0000000000000000        0xc ./Src/Led_Handle.o
 .group         0x0000000000000000        0xc ./Src/Led_Handle.o
 .group         0x0000000000000000        0xc ./Src/Led_Handle.o
 .group         0x0000000000000000        0xc ./Src/Led_Handle.o
 .group         0x0000000000000000        0xc ./Src/Led_Handle.o
 .group         0x0000000000000000        0xc ./Src/Led_Handle.o
 .group         0x0000000000000000        0xc ./Src/Led_Handle.o
 .group         0x0000000000000000        0xc ./Src/Led_Handle.o
 .group         0x0000000000000000        0xc ./Src/Led_Handle.o
 .group         0x0000000000000000        0xc ./Src/Led_Handle.o
 .group         0x0000000000000000        0xc ./Src/Led_Handle.o
 .group         0x0000000000000000        0xc ./Src/Led_Handle.o
 .group         0x0000000000000000        0xc ./Src/Led_Handle.o
 .group         0x0000000000000000        0xc ./Src/Led_Handle.o
 .group         0x0000000000000000        0xc ./Src/Led_Handle.o
 .group         0x0000000000000000        0xc ./Src/Led_Handle.o
 .group         0x0000000000000000        0xc ./Src/Led_Handle.o
 .group         0x0000000000000000        0xc ./Src/Led_Handle.o
 .group         0x0000000000000000        0xc ./Src/Led_Handle.o
 .group         0x0000000000000000        0xc ./Src/Led_Handle.o
 .group         0x0000000000000000        0xc ./Src/Led_Handle.o
 .group         0x0000000000000000        0xc ./Src/Led_Handle.o
 .text          0x0000000000000000        0x0 ./Src/Led_Handle.o
 .data          0x0000000000000000        0x0 ./Src/Led_Handle.o
 .bss           0x0000000000000000        0x0 ./Src/Led_Handle.o
 .text.LedToggle_ButtonInit
                0x0000000000000000       0x44 ./Src/Led_Handle.o
 .text.delay    0x0000000000000000       0x34 ./Src/Led_Handle.o
 .debug_macro   0x0000000000000000      0xaa8 ./Src/Led_Handle.o
 .debug_macro   0x0000000000000000       0x22 ./Src/Led_Handle.o
 .debug_macro   0x0000000000000000      0x103 ./Src/Led_Handle.o
 .debug_macro   0x0000000000000000       0x6a ./Src/Led_Handle.o
 .debug_macro   0x0000000000000000      0x1df ./Src/Led_Handle.o
 .debug_macro   0x0000000000000000      0x1f7 ./Src/Led_Handle.o
 .debug_macro   0x0000000000000000      0x1a5 ./Src/Led_Handle.o
 .group         0x0000000000000000        0xc ./Src/Led_InterruptHandle.o
 .group         0x0000000000000000        0xc ./Src/Led_InterruptHandle.o
 .group         0x0000000000000000        0xc ./Src/Led_InterruptHandle.o
 .group         0x0000000000000000        0xc ./Src/Led_InterruptHandle.o
 .group         0x0000000000000000        0xc ./Src/Led_InterruptHandle.o
 .group         0x0000000000000000        0xc ./Src/Led_InterruptHandle.o
 .group         0x0000000000000000        0xc ./Src/Led_InterruptHandle.o
 .group         0x0000000000000000        0xc ./Src/Led_InterruptHandle.o
 .group         0x0000000000000000        0xc ./Src/Led_InterruptHandle.o
 .group         0x0000000000000000        0xc ./Src/Led_InterruptHandle.o
 .group         0x0000000000000000        0xc ./Src/Led_InterruptHandle.o
 .group         0x0000000000000000        0xc ./Src/Led_InterruptHandle.o
 .group         0x0000000000000000        0xc ./Src/Led_InterruptHandle.o
 .group         0x0000000000000000        0xc ./Src/Led_InterruptHandle.o
 .group         0x0000000000000000        0xc ./Src/Led_InterruptHandle.o
 .group         0x0000000000000000        0xc ./Src/Led_InterruptHandle.o
 .group         0x0000000000000000        0xc ./Src/Led_InterruptHandle.o
 .group         0x0000000000000000        0xc ./Src/Led_InterruptHandle.o
 .group         0x0000000000000000        0xc ./Src/Led_InterruptHandle.o
 .group         0x0000000000000000        0xc ./Src/Led_InterruptHandle.o
 .group         0x0000000000000000        0xc ./Src/Led_InterruptHandle.o
 .group         0x0000000000000000        0xc ./Src/Led_InterruptHandle.o
 .group         0x0000000000000000        0xc ./Src/Led_InterruptHandle.o
 .group         0x0000000000000000        0xc ./Src/Led_InterruptHandle.o
 .group         0x0000000000000000        0xc ./Src/Led_InterruptHandle.o
 .group         0x0000000000000000        0xc ./Src/Led_InterruptHandle.o
 .text          0x0000000000000000        0x0 ./Src/Led_InterruptHandle.o
 .data          0x0000000000000000        0x0 ./Src/Led_InterruptHandle.o
 .bss           0x0000000000000000        0x0 ./Src/Led_InterruptHandle.o
 .text.delay    0x0000000000000000       0x34 ./Src/Led_InterruptHandle.o
 .debug_macro   0x0000000000000000      0xaa8 ./Src/Led_InterruptHandle.o
 .debug_macro   0x0000000000000000       0x22 ./Src/Led_InterruptHandle.o
 .debug_macro   0x0000000000000000       0x4c ./Src/Led_InterruptHandle.o
 .debug_macro   0x0000000000000000       0x18 ./Src/Led_InterruptHandle.o
 .debug_macro   0x0000000000000000       0x94 ./Src/Led_InterruptHandle.o
 .debug_macro   0x0000000000000000       0x3c ./Src/Led_InterruptHandle.o
 .debug_macro   0x0000000000000000       0x34 ./Src/Led_InterruptHandle.o
 .debug_macro   0x0000000000000000      0x174 ./Src/Led_InterruptHandle.o
 .debug_macro   0x0000000000000000       0x16 ./Src/Led_InterruptHandle.o
 .debug_macro   0x0000000000000000       0x43 ./Src/Led_InterruptHandle.o
 .debug_macro   0x0000000000000000       0x57 ./Src/Led_InterruptHandle.o
 .debug_macro   0x0000000000000000       0x34 ./Src/Led_InterruptHandle.o
 .debug_macro   0x0000000000000000       0x10 ./Src/Led_InterruptHandle.o
 .debug_macro   0x0000000000000000       0x58 ./Src/Led_InterruptHandle.o
 .debug_macro   0x0000000000000000       0x71 ./Src/Led_InterruptHandle.o
 .debug_macro   0x0000000000000000       0x1c ./Src/Led_InterruptHandle.o
 .debug_macro   0x0000000000000000      0x12a ./Src/Led_InterruptHandle.o
 .debug_macro   0x0000000000000000      0x339 ./Src/Led_InterruptHandle.o
 .debug_macro   0x0000000000000000       0x10 ./Src/Led_InterruptHandle.o
 .debug_macro   0x0000000000000000       0x35 ./Src/Led_InterruptHandle.o
 .debug_macro   0x0000000000000000       0x20 ./Src/Led_InterruptHandle.o
 .debug_macro   0x0000000000000000      0x103 ./Src/Led_InterruptHandle.o
 .debug_macro   0x0000000000000000       0x6a ./Src/Led_InterruptHandle.o
 .debug_macro   0x0000000000000000      0x1df ./Src/Led_InterruptHandle.o
 .debug_macro   0x0000000000000000      0x1f7 ./Src/Led_InterruptHandle.o
 .debug_macro   0x0000000000000000      0x1a5 ./Src/Led_InterruptHandle.o
 .group         0x0000000000000000        0xc ./Src/main.o
 .group         0x0000000000000000        0xc ./Src/main.o
 .group         0x0000000000000000        0xc ./Src/main.o
 .group         0x0000000000000000        0xc ./Src/main.o
 .group         0x0000000000000000        0xc ./Src/main.o
 .group         0x0000000000000000        0xc ./Src/main.o
 .group         0x0000000000000000        0xc ./Src/main.o
 .group         0x0000000000000000        0xc ./Src/main.o
 .group         0x0000000000000000        0xc ./Src/main.o
 .group         0x0000000000000000        0xc ./Src/main.o
 .group         0x0000000000000000        0xc ./Src/main.o
 .group         0x0000000000000000        0xc ./Src/main.o
 .group         0x0000000000000000        0xc ./Src/main.o
 .group         0x0000000000000000        0xc ./Src/main.o
 .group         0x0000000000000000        0xc ./Src/main.o
 .group         0x0000000000000000        0xc ./Src/main.o
 .group         0x0000000000000000        0xc ./Src/main.o
 .group         0x0000000000000000        0xc ./Src/main.o
 .group         0x0000000000000000        0xc ./Src/main.o
 .group         0x0000000000000000        0xc ./Src/main.o
 .group         0x0000000000000000        0xc ./Src/main.o
 .group         0x0000000000000000        0xc ./Src/main.o
 .group         0x0000000000000000        0xc ./Src/main.o
 .group         0x0000000000000000        0xc ./Src/main.o
 .group         0x0000000000000000        0xc ./Src/main.o
 .group         0x0000000000000000        0xc ./Src/main.o
 .group         0x0000000000000000        0xc ./Src/main.o
 .group         0x0000000000000000        0xc ./Src/main.o
 .group         0x0000000000000000        0xc ./Src/main.o
 .group         0x0000000000000000        0xc ./Src/main.o
 .group         0x0000000000000000        0xc ./Src/main.o
 .group         0x0000000000000000        0xc ./Src/main.o
 .group         0x0000000000000000        0xc ./Src/main.o
 .group         0x0000000000000000        0xc ./Src/main.o
 .group         0x0000000000000000        0xc ./Src/main.o
 .group         0x0000000000000000        0xc ./Src/main.o
 .group         0x0000000000000000        0xc ./Src/main.o
 .group         0x0000000000000000        0xc ./Src/main.o
 .group         0x0000000000000000        0xc ./Src/main.o
 .group         0x0000000000000000        0xc ./Src/main.o
 .group         0x0000000000000000        0xc ./Src/main.o
 .text          0x0000000000000000        0x0 ./Src/main.o
 .data          0x0000000000000000        0x0 ./Src/main.o
 .bss           0x0000000000000000        0x0 ./Src/main.o
 .debug_macro   0x0000000000000000      0xaa8 ./Src/main.o
 .debug_macro   0x0000000000000000       0x22 ./Src/main.o
 .debug_macro   0x0000000000000000       0x8e ./Src/main.o
 .debug_macro   0x0000000000000000       0x51 ./Src/main.o
 .debug_macro   0x0000000000000000      0x103 ./Src/main.o
 .debug_macro   0x0000000000000000       0x6a ./Src/main.o
 .debug_macro   0x0000000000000000      0x1df ./Src/main.o
 .debug_macro   0x0000000000000000       0x18 ./Src/main.o
 .debug_macro   0x0000000000000000       0x3c ./Src/main.o
 .debug_macro   0x0000000000000000       0x34 ./Src/main.o
 .debug_macro   0x0000000000000000      0x339 ./Src/main.o
 .debug_macro   0x0000000000000000       0x16 ./Src/main.o
 .debug_macro   0x0000000000000000       0x43 ./Src/main.o
 .debug_macro   0x0000000000000000       0x34 ./Src/main.o
 .debug_macro   0x0000000000000000       0x10 ./Src/main.o
 .debug_macro   0x0000000000000000       0x58 ./Src/main.o
 .debug_macro   0x0000000000000000       0x71 ./Src/main.o
 .debug_macro   0x0000000000000000       0x1c ./Src/main.o
 .debug_macro   0x0000000000000000      0x12a ./Src/main.o
 .debug_macro   0x0000000000000000      0x1f7 ./Src/main.o
 .debug_macro   0x0000000000000000      0x1ab ./Src/main.o
 .debug_macro   0x0000000000000000       0x16 ./Src/main.o
 .group         0x0000000000000000        0xc ./Src/syscalls.o
 .group         0x0000000000000000        0xc ./Src/syscalls.o
 .group         0x0000000000000000        0xc ./Src/syscalls.o
 .group         0x0000000000000000        0xc ./Src/syscalls.o
 .group         0x0000000000000000        0xc ./Src/syscalls.o
 .group         0x0000000000000000        0xc ./Src/syscalls.o
 .group         0x0000000000000000        0xc ./Src/syscalls.o
 .group         0x0000000000000000        0xc ./Src/syscalls.o
 .group         0x0000000000000000        0xc ./Src/syscalls.o
 .group         0x0000000000000000        0xc ./Src/syscalls.o
 .group         0x0000000000000000        0xc ./Src/syscalls.o
 .group         0x0000000000000000        0xc ./Src/syscalls.o
 .group         0x0000000000000000        0xc ./Src/syscalls.o
 .group         0x0000000000000000        0xc ./Src/syscalls.o
 .group         0x0000000000000000        0xc ./Src/syscalls.o
 .group         0x0000000000000000        0xc ./Src/syscalls.o
 .group         0x0000000000000000        0xc ./Src/syscalls.o
 .group         0x0000000000000000        0xc ./Src/syscalls.o
 .group         0x0000000000000000        0xc ./Src/syscalls.o
 .group         0x0000000000000000        0xc ./Src/syscalls.o
 .group         0x0000000000000000        0xc ./Src/syscalls.o
 .group         0x0000000000000000        0xc ./Src/syscalls.o
 .group         0x0000000000000000        0xc ./Src/syscalls.o
 .group         0x0000000000000000        0xc ./Src/syscalls.o
 .group         0x0000000000000000        0xc ./Src/syscalls.o
 .group         0x0000000000000000        0xc ./Src/syscalls.o
 .group         0x0000000000000000        0xc ./Src/syscalls.o
 .group         0x0000000000000000        0xc ./Src/syscalls.o
 .group         0x0000000000000000        0xc ./Src/syscalls.o
 .group         0x0000000000000000        0xc ./Src/syscalls.o
 .group         0x0000000000000000        0xc ./Src/syscalls.o
 .group         0x0000000000000000        0xc ./Src/syscalls.o
 .group         0x0000000000000000        0xc ./Src/syscalls.o
 .group         0x0000000000000000        0xc ./Src/syscalls.o
 .group         0x0000000000000000        0xc ./Src/syscalls.o
 .group         0x0000000000000000        0xc ./Src/syscalls.o
 .group         0x0000000000000000        0xc ./Src/syscalls.o
 .group         0x0000000000000000        0xc ./Src/syscalls.o
 .group         0x0000000000000000        0xc ./Src/syscalls.o
 .group         0x0000000000000000        0xc ./Src/syscalls.o
 .group         0x0000000000000000        0xc ./Src/syscalls.o
 .group         0x0000000000000000        0xc ./Src/syscalls.o
 .group         0x0000000000000000        0xc ./Src/syscalls.o
 .group         0x0000000000000000        0xc ./Src/syscalls.o
 .group         0x0000000000000000        0xc ./Src/syscalls.o
 .group         0x0000000000000000        0xc ./Src/syscalls.o
 .group         0x0000000000000000        0xc ./Src/syscalls.o
 .text          0x0000000000000000        0x0 ./Src/syscalls.o
 .data          0x0000000000000000        0x0 ./Src/syscalls.o
 .bss           0x0000000000000000        0x0 ./Src/syscalls.o
 .bss.__env     0x0000000000000000        0x4 ./Src/syscalls.o
 .data.environ  0x0000000000000000        0x4 ./Src/syscalls.o
 .text.initialise_monitor_handles
                0x0000000000000000        0xc ./Src/syscalls.o
 .text._getpid  0x0000000000000000        0xe ./Src/syscalls.o
 .text._kill    0x0000000000000000       0x20 ./Src/syscalls.o
 .text._exit    0x0000000000000000       0x14 ./Src/syscalls.o
 .text._read    0x0000000000000000       0x3a ./Src/syscalls.o
 .text._write   0x0000000000000000       0x38 ./Src/syscalls.o
 .text._close   0x0000000000000000       0x16 ./Src/syscalls.o
 .text._fstat   0x0000000000000000       0x1e ./Src/syscalls.o
 .text._isatty  0x0000000000000000       0x14 ./Src/syscalls.o
 .text._lseek   0x0000000000000000       0x18 ./Src/syscalls.o
 .text._open    0x0000000000000000       0x1a ./Src/syscalls.o
 .text._wait    0x0000000000000000       0x1e ./Src/syscalls.o
 .text._unlink  0x0000000000000000       0x1e ./Src/syscalls.o
 .text._times   0x0000000000000000       0x16 ./Src/syscalls.o
 .text._stat    0x0000000000000000       0x1e ./Src/syscalls.o
 .text._link    0x0000000000000000       0x20 ./Src/syscalls.o
 .text._fork    0x0000000000000000       0x16 ./Src/syscalls.o
 .text._execve  0x0000000000000000       0x22 ./Src/syscalls.o
 .debug_info    0x0000000000000000      0xfa8 ./Src/syscalls.o
 .debug_abbrev  0x0000000000000000      0x286 ./Src/syscalls.o
 .debug_aranges
                0x0000000000000000       0xa8 ./Src/syscalls.o
 .debug_ranges  0x0000000000000000       0x98 ./Src/syscalls.o
 .debug_macro   0x0000000000000000      0x24c ./Src/syscalls.o
 .debug_macro   0x0000000000000000      0xaa8 ./Src/syscalls.o
 .debug_macro   0x0000000000000000       0x22 ./Src/syscalls.o
 .debug_macro   0x0000000000000000       0x4c ./Src/syscalls.o
 .debug_macro   0x0000000000000000       0x18 ./Src/syscalls.o
 .debug_macro   0x0000000000000000       0x94 ./Src/syscalls.o
 .debug_macro   0x0000000000000000       0x3c ./Src/syscalls.o
 .debug_macro   0x0000000000000000       0x34 ./Src/syscalls.o
 .debug_macro   0x0000000000000000       0x57 ./Src/syscalls.o
 .debug_macro   0x0000000000000000      0x174 ./Src/syscalls.o
 .debug_macro   0x0000000000000000      0x339 ./Src/syscalls.o
 .debug_macro   0x0000000000000000       0x16 ./Src/syscalls.o
 .debug_macro   0x0000000000000000       0x43 ./Src/syscalls.o
 .debug_macro   0x0000000000000000       0x34 ./Src/syscalls.o
 .debug_macro   0x0000000000000000       0x10 ./Src/syscalls.o
 .debug_macro   0x0000000000000000       0x58 ./Src/syscalls.o
 .debug_macro   0x0000000000000000       0x71 ./Src/syscalls.o
 .debug_macro   0x0000000000000000       0x1c ./Src/syscalls.o
 .debug_macro   0x0000000000000000      0x12a ./Src/syscalls.o
 .debug_macro   0x0000000000000000       0x10 ./Src/syscalls.o
 .debug_macro   0x0000000000000000       0x35 ./Src/syscalls.o
 .debug_macro   0x0000000000000000       0x10 ./Src/syscalls.o
 .debug_macro   0x0000000000000000       0x10 ./Src/syscalls.o
 .debug_macro   0x0000000000000000       0x10 ./Src/syscalls.o
 .debug_macro   0x0000000000000000       0x6a ./Src/syscalls.o
 .debug_macro   0x0000000000000000       0x1c ./Src/syscalls.o
 .debug_macro   0x0000000000000000       0x52 ./Src/syscalls.o
 .debug_macro   0x0000000000000000       0x22 ./Src/syscalls.o
 .debug_macro   0x0000000000000000       0x10 ./Src/syscalls.o
 .debug_macro   0x0000000000000000       0x40 ./Src/syscalls.o
 .debug_macro   0x0000000000000000       0xd5 ./Src/syscalls.o
 .debug_macro   0x0000000000000000       0x1c ./Src/syscalls.o
 .debug_macro   0x0000000000000000       0x3d ./Src/syscalls.o
 .debug_macro   0x0000000000000000       0x35 ./Src/syscalls.o
 .debug_macro   0x0000000000000000      0x12c ./Src/syscalls.o
 .debug_macro   0x0000000000000000       0x16 ./Src/syscalls.o
 .debug_macro   0x0000000000000000       0x16 ./Src/syscalls.o
 .debug_macro   0x0000000000000000       0x29 ./Src/syscalls.o
 .debug_macro   0x0000000000000000       0x10 ./Src/syscalls.o
 .debug_macro   0x0000000000000000      0x241 ./Src/syscalls.o
 .debug_macro   0x0000000000000000       0x1c ./Src/syscalls.o
 .debug_macro   0x0000000000000000       0x10 ./Src/syscalls.o
 .debug_macro   0x0000000000000000       0x10 ./Src/syscalls.o
 .debug_macro   0x0000000000000000       0x16 ./Src/syscalls.o
 .debug_macro   0x0000000000000000      0x145 ./Src/syscalls.o
 .debug_macro   0x0000000000000000      0x189 ./Src/syscalls.o
 .debug_macro   0x0000000000000000       0x16 ./Src/syscalls.o
 .debug_macro   0x0000000000000000       0xce ./Src/syscalls.o
 .debug_line    0x0000000000000000      0x7fd ./Src/syscalls.o
 .debug_str     0x0000000000000000     0x8ec7 ./Src/syscalls.o
 .comment       0x0000000000000000       0x54 ./Src/syscalls.o
 .debug_frame   0x0000000000000000      0x2ac ./Src/syscalls.o
 .ARM.attributes
                0x0000000000000000       0x2e ./Src/syscalls.o
 .group         0x0000000000000000        0xc ./Src/sysmem.o
 .group         0x0000000000000000        0xc ./Src/sysmem.o
 .group         0x0000000000000000        0xc ./Src/sysmem.o
 .group         0x0000000000000000        0xc ./Src/sysmem.o
 .group         0x0000000000000000        0xc ./Src/sysmem.o
 .group         0x0000000000000000        0xc ./Src/sysmem.o
 .group         0x0000000000000000        0xc ./Src/sysmem.o
 .group         0x0000000000000000        0xc ./Src/sysmem.o
 .group         0x0000000000000000        0xc ./Src/sysmem.o
 .group         0x0000000000000000        0xc ./Src/sysmem.o
 .group         0x0000000000000000        0xc ./Src/sysmem.o
 .group         0x0000000000000000        0xc ./Src/sysmem.o
 .group         0x0000000000000000        0xc ./Src/sysmem.o
 .group         0x0000000000000000        0xc ./Src/sysmem.o
 .group         0x0000000000000000        0xc ./Src/sysmem.o
 .group         0x0000000000000000        0xc ./Src/sysmem.o
 .group         0x0000000000000000        0xc ./Src/sysmem.o
 .group         0x0000000000000000        0xc ./Src/sysmem.o
 .group         0x0000000000000000        0xc ./Src/sysmem.o
 .group         0x0000000000000000        0xc ./Src/sysmem.o
 .group         0x0000000000000000        0xc ./Src/sysmem.o
 .group         0x0000000000000000        0xc ./Src/sysmem.o
 .text          0x0000000000000000        0x0 ./Src/sysmem.o
 .data          0x0000000000000000        0x0 ./Src/sysmem.o
 .bss           0x0000000000000000        0x0 ./Src/sysmem.o
 .bss.__sbrk_heap_end
                0x0000000000000000        0x4 ./Src/sysmem.o
 .text._sbrk    0x0000000000000000       0x6c ./Src/sysmem.o
 .debug_info    0x0000000000000000      0xa25 ./Src/sysmem.o
 .debug_abbrev  0x0000000000000000      0x1bf ./Src/sysmem.o
 .debug_aranges
                0x0000000000000000       0x20 ./Src/sysmem.o
 .debug_ranges  0x0000000000000000       0x10 ./Src/sysmem.o
 .debug_macro   0x0000000000000000       0xff ./Src/sysmem.o
 .debug_macro   0x0000000000000000      0xaa8 ./Src/sysmem.o
 .debug_macro   0x0000000000000000       0x10 ./Src/sysmem.o
 .debug_macro   0x0000000000000000       0x22 ./Src/sysmem.o
 .debug_macro   0x0000000000000000       0x4c ./Src/sysmem.o
 .debug_macro   0x0000000000000000       0x18 ./Src/sysmem.o
 .debug_macro   0x0000000000000000       0x94 ./Src/sysmem.o
 .debug_macro   0x0000000000000000       0x3c ./Src/sysmem.o
 .debug_macro   0x0000000000000000       0x34 ./Src/sysmem.o
 .debug_macro   0x0000000000000000      0x174 ./Src/sysmem.o
 .debug_macro   0x0000000000000000       0x16 ./Src/sysmem.o
 .debug_macro   0x0000000000000000       0x43 ./Src/sysmem.o
 .debug_macro   0x0000000000000000       0x57 ./Src/sysmem.o
 .debug_macro   0x0000000000000000       0x34 ./Src/sysmem.o
 .debug_macro   0x0000000000000000       0x10 ./Src/sysmem.o
 .debug_macro   0x0000000000000000       0x58 ./Src/sysmem.o
 .debug_macro   0x0000000000000000       0x71 ./Src/sysmem.o
 .debug_macro   0x0000000000000000       0x1c ./Src/sysmem.o
 .debug_macro   0x0000000000000000      0x12a ./Src/sysmem.o
 .debug_macro   0x0000000000000000      0x23b ./Src/sysmem.o
 .debug_macro   0x0000000000000000      0x103 ./Src/sysmem.o
 .debug_macro   0x0000000000000000       0x6a ./Src/sysmem.o
 .debug_macro   0x0000000000000000      0x1df ./Src/sysmem.o
 .debug_line    0x0000000000000000      0x4f3 ./Src/sysmem.o
 .debug_str     0x0000000000000000     0x629a ./Src/sysmem.o
 .comment       0x0000000000000000       0x54 ./Src/sysmem.o
 .debug_frame   0x0000000000000000       0x34 ./Src/sysmem.o
 .ARM.attributes
                0x0000000000000000       0x2e ./Src/sysmem.o
 .text          0x0000000000000000       0x14 ./Startup/startup_stm32f446retx.o
 .data          0x0000000000000000        0x0 ./Startup/startup_stm32f446retx.o
 .bss           0x0000000000000000        0x0 ./Startup/startup_stm32f446retx.o
 .text          0x0000000000000000        0x0 c:/st/stm32cubeide_1.8.0/stm32cubeide/plugins/com.st.stm32cube.ide.mcu.externaltools.gnu-tools-for-stm32.9-2020-q2-update.win32_2.0.0.202105311346/tools/bin/../lib/gcc/arm-none-eabi/9.3.1/../../../../arm-none-eabi/lib/thumb/v7e-m/nofp\libc_nano.a(lib_a-errno.o)
 .data          0x0000000000000000        0x0 c:/st/stm32cubeide_1.8.0/stm32cubeide/plugins/com.st.stm32cube.ide.mcu.externaltools.gnu-tools-for-stm32.9-2020-q2-update.win32_2.0.0.202105311346/tools/bin/../lib/gcc/arm-none-eabi/9.3.1/../../../../arm-none-eabi/lib/thumb/v7e-m/nofp\libc_nano.a(lib_a-errno.o)
 .bss           0x0000000000000000        0x0 c:/st/stm32cubeide_1.8.0/stm32cubeide/plugins/com.st.stm32cube.ide.mcu.externaltools.gnu-tools-for-stm32.9-2020-q2-update.win32_2.0.0.202105311346/tools/bin/../lib/gcc/arm-none-eabi/9.3.1/../../../../arm-none-eabi/lib/thumb/v7e-m/nofp\libc_nano.a(lib_a-errno.o)
 .text.__errno  0x0000000000000000        0xc c:/st/stm32cubeide_1.8.0/stm32cubeide/plugins/com.st.stm32cube.ide.mcu.externaltools.gnu-tools-for-stm32.9-2020-q2-update.win32_2.0.0.202105311346/tools/bin/../lib/gcc/arm-none-eabi/9.3.1/../../../../arm-none-eabi/lib/thumb/v7e-m/nofp\libc_nano.a(lib_a-errno.o)
 .debug_frame   0x0000000000000000       0x20 c:/st/stm32cubeide_1.8.0/stm32cubeide/plugins/com.st.stm32cube.ide.mcu.externaltools.gnu-tools-for-stm32.9-2020-q2-update.win32_2.0.0.202105311346/tools/bin/../lib/gcc/arm-none-eabi/9.3.1/../../../../arm-none-eabi/lib/thumb/v7e-m/nofp\libc_nano.a(lib_a-errno.o)
 .ARM.attributes
                0x0000000000000000       0x2e c:/st/stm32cubeide_1.8.0/stm32cubeide/plugins/com.st.stm32cube.ide.mcu.externaltools.gnu-tools-for-stm32.9-2020-q2-update.win32_2.0.0.202105311346/tools/bin/../lib/gcc/arm-none-eabi/9.3.1/../../../../arm-none-eabi/lib/thumb/v7e-m/nofp\libc_nano.a(lib_a-errno.o)
 .text          0x0000000000000000        0x0 c:/st/stm32cubeide_1.8.0/stm32cubeide/plugins/com.st.stm32cube.ide.mcu.externaltools.gnu-tools-for-stm32.9-2020-q2-update.win32_2.0.0.202105311346/tools/bin/../lib/gcc/arm-none-eabi/9.3.1/../../../../arm-none-eabi/lib/thumb/v7e-m/nofp\libc_nano.a(lib_a-exit.o)
 .data          0x0000000000000000        0x0 c:/st/stm32cubeide_1.8.0/stm32cubeide/plugins/com.st.stm32cube.ide.mcu.externaltools.gnu-tools-for-stm32.9-2020-q2-update.win32_2.0.0.202105311346/tools/bin/../lib/gcc/arm-none-eabi/9.3.1/../../../../arm-none-eabi/lib/thumb/v7e-m/nofp\libc_nano.a(lib_a-exit.o)
 .bss           0x0000000000000000        0x0 c:/st/stm32cubeide_1.8.0/stm32cubeide/plugins/com.st.stm32cube.ide.mcu.externaltools.gnu-tools-for-stm32.9-2020-q2-update.win32_2.0.0.202105311346/tools/bin/../lib/gcc/arm-none-eabi/9.3.1/../../../../arm-none-eabi/lib/thumb/v7e-m/nofp\libc_nano.a(lib_a-exit.o)
 .text.exit     0x0000000000000000       0x28 c:/st/stm32cubeide_1.8.0/stm32cubeide/plugins/com.st.stm32cube.ide.mcu.externaltools.gnu-tools-for-stm32.9-2020-q2-update.win32_2.0.0.202105311346/tools/bin/../lib/gcc/arm-none-eabi/9.3.1/../../../../arm-none-eabi/lib/thumb/v7e-m/nofp\libc_nano.a(lib_a-exit.o)
 .debug_frame   0x0000000000000000       0x28 c:/st/stm32cubeide_1.8.0/stm32cubeide/plugins/com.st.stm32cube.ide.mcu.externaltools.gnu-tools-for-stm32.9-2020-q2-update.win32_2.0.0.202105311346/tools/bin/../lib/gcc/arm-none-eabi/9.3.1/../../../../arm-none-eabi/lib/thumb/v7e-m/nofp\libc_nano.a(lib_a-exit.o)
 .ARM.attributes
                0x0000000000000000       0x2e c:/st/stm32cubeide_1.8.0/stm32cubeide/plugins/com.st.stm32cube.ide.mcu.externaltools.gnu-tools-for-stm32.9-2020-q2-update.win32_2.0.0.202105311346/tools/bin/../lib/gcc/arm-none-eabi/9.3.1/../../../../arm-none-eabi/lib/thumb/v7e-m/nofp\libc_nano.a(lib_a-exit.o)
 .text          0x0000000000000000        0x0 c:/st/stm32cubeide_1.8.0/stm32cubeide/plugins/com.st.stm32cube.ide.mcu.externaltools.gnu-tools-for-stm32.9-2020-q2-update.win32_2.0.0.202105311346/tools/bin/../lib/gcc/arm-none-eabi/9.3.1/../../../../arm-none-eabi/lib/thumb/v7e-m/nofp\libc_nano.a(lib_a-impure.o)
 .data          0x0000000000000000        0x0 c:/st/stm32cubeide_1.8.0/stm32cubeide/plugins/com.st.stm32cube.ide.mcu.externaltools.gnu-tools-for-stm32.9-2020-q2-update.win32_2.0.0.202105311346/tools/bin/../lib/gcc/arm-none-eabi/9.3.1/../../../../arm-none-eabi/lib/thumb/v7e-m/nofp\libc_nano.a(lib_a-impure.o)
 .bss           0x0000000000000000        0x0 c:/st/stm32cubeide_1.8.0/stm32cubeide/plugins/com.st.stm32cube.ide.mcu.externaltools.gnu-tools-for-stm32.9-2020-q2-update.win32_2.0.0.202105311346/tools/bin/../lib/gcc/arm-none-eabi/9.3.1/../../../../arm-none-eabi/lib/thumb/v7e-m/nofp\libc_nano.a(lib_a-impure.o)
 .data._impure_ptr
                0x0000000000000000        0x4 c:/st/stm32cubeide_1.8.0/stm32cubeide/plugins/com.st.stm32cube.ide.mcu.externaltools.gnu-tools-for-stm32.9-2020-q2-update.win32_2.0.0.202105311346/tools/bin/../lib/gcc/arm-none-eabi/9.3.1/../../../../arm-none-eabi/lib/thumb/v7e-m/nofp\libc_nano.a(lib_a-impure.o)
 .data.impure_data
                0x0000000000000000       0x60 c:/st/stm32cubeide_1.8.0/stm32cubeide/plugins/com.st.stm32cube.ide.mcu.externaltools.gnu-tools-for-stm32.9-2020-q2-update.win32_2.0.0.202105311346/tools/bin/../lib/gcc/arm-none-eabi/9.3.1/../../../../arm-none-eabi/lib/thumb/v7e-m/nofp\libc_nano.a(lib_a-impure.o)
 .rodata._global_impure_ptr
                0x0000000000000000        0x4 c:/st/stm32cubeide_1.8.0/stm32cubeide/plugins/com.st.stm32cube.ide.mcu.externaltools.gnu-tools-for-stm32.9-2020-q2-update.win32_2.0.0.202105311346/tools/bin/../lib/gcc/arm-none-eabi/9.3.1/../../../../arm-none-eabi/lib/thumb/v7e-m/nofp\libc_nano.a(lib_a-impure.o)
 .ARM.attributes
                0x0000000000000000       0x2e c:/st/stm32cubeide_1.8.0/stm32cubeide/plugins/com.st.stm32cube.ide.mcu.externaltools.gnu-tools-for-stm32.9-2020-q2-update.win32_2.0.0.202105311346/tools/bin/../lib/gcc/arm-none-eabi/9.3.1/../../../../arm-none-eabi/lib/thumb/v7e-m/nofp\libc_nano.a(lib_a-impure.o)
 .text          0x0000000000000000        0x0 c:/st/stm32cubeide_1.8.0/stm32cubeide/plugins/com.st.stm32cube.ide.mcu.externaltools.gnu-tools-for-stm32.9-2020-q2-update.win32_2.0.0.202105311346/tools/bin/../lib/gcc/arm-none-eabi/9.3.1/../../../../arm-none-eabi/lib/thumb/v7e-m/nofp\libc_nano.a(lib_a-init.o)
 .data          0x0000000000000000        0x0 c:/st/stm32cubeide_1.8.0/stm32cubeide/plugins/com.st.stm32cube.ide.mcu.externaltools.gnu-tools-for-stm32.9-2020-q2-update.win32_2.0.0.202105311346/tools/bin/../lib/gcc/arm-none-eabi/9.3.1/../../../../arm-none-eabi/lib/thumb/v7e-m/nofp\libc_nano.a(lib_a-init.o)
 .bss           0x0000000000000000        0x0 c:/st/stm32cubeide_1.8.0/stm32cubeide/plugins/com.st.stm32cube.ide.mcu.externaltools.gnu-tools-for-stm32.9-2020-q2-update.win32_2.0.0.202105311346/tools/bin/../lib/gcc/arm-none-eabi/9.3.1/../../../../arm-none-eabi/lib/thumb/v7e-m/nofp\libc_nano.a(lib_a-init.o)
 .text          0x0000000000000000        0x0 c:/st/stm32cubeide_1.8.0/stm32cubeide/plugins/com.st.stm32cube.ide.mcu.externaltools.gnu-tools-for-stm32.9-2020-q2-update.win32_2.0.0.202105311346/tools/bin/../lib/gcc/arm-none-eabi/9.3.1/../../../../arm-none-eabi/lib/thumb/v7e-m/nofp\libc_nano.a(lib_a-memset.o)
 .data          0x0000000000000000        0x0 c:/st/stm32cubeide_1.8.0/stm32cubeide/plugins/com.st.stm32cube.ide.mcu.externaltools.gnu-tools-for-stm32.9-2020-q2-update.win32_2.0.0.202105311346/tools/bin/../lib/gcc/arm-none-eabi/9.3.1/../../../../arm-none-eabi/lib/thumb/v7e-m/nofp\libc_nano.a(lib_a-memset.o)
 .bss           0x0000000000000000        0x0 c:/st/stm32cubeide_1.8.0/stm32cubeide/plugins/com.st.stm32cube.ide.mcu.externaltools.gnu-tools-for-stm32.9-2020-q2-update.win32_2.0.0.202105311346/tools/bin/../lib/gcc/arm-none-eabi/9.3.1/../../../../arm-none-eabi/lib/thumb/v7e-m/nofp\libc_nano.a(lib_a-memset.o)
 .text          0x0000000000000000        0x0 c:/st/stm32cubeide_1.8.0/stm32cubeide/plugins/com.st.stm32cube.ide.mcu.externaltools.gnu-tools-for-stm32.9-2020-q2-update.win32_2.0.0.202105311346/tools/bin/../lib/gcc/arm-none-eabi/9.3.1/thumb/v7e-m/nofp/crtend.o
 .data          0x0000000000000000        0x0 c:/st/stm32cubeide_1.8.0/stm32cubeide/plugins/com.st.stm32cube.ide.mcu.externaltools.gnu-tools-for-stm32.9-2020-q2-update.win32_2.0.0.202105311346/tools/bin/../lib/gcc/arm-none-eabi/9.3.1/thumb/v7e-m/nofp/crtend.o
 .bss           0x0000000000000000        0x0 c:/st/stm32cubeide_1.8.0/stm32cubeide/plugins/com.st.stm32cube.ide.mcu.externaltools.gnu-tools-for-stm32.9-2020-q2-update.win32_2.0.0.202105311346/tools/bin/../lib/gcc/arm-none-eabi/9.3.1/thumb/v7e-m/nofp/crtend.o
 .eh_frame      0x0000000000000000        0x4 c:/st/stm32cubeide_1.8.0/stm32cubeide/plugins/com.st.stm32cube.ide.mcu.externaltools.gnu-tools-for-stm32.9-2020-q2-update.win32_2.0.0.202105311346/tools/bin/../lib/gcc/arm-none-eabi/9.3.1/thumb/v7e-m/nofp/crtend.o
 .ARM.attributes
                0x0000000000000000       0x2e c:/st/stm32cubeide_1.8.0/stm32cubeide/plugins/com.st.stm32cube.ide.mcu.externaltools.gnu-tools-for-stm32.9-2020-q2-update.win32_2.0.0.202105311346/tools/bin/../lib/gcc/arm-none-eabi/9.3.1/thumb/v7e-m/nofp/crtend.o
 .text          0x0000000000000000        0x0 c:/st/stm32cubeide_1.8.0/stm32cubeide/plugins/com.st.stm32cube.ide.mcu.externaltools.gnu-tools-for-stm32.9-2020-q2-update.win32_2.0.0.202105311346/tools/bin/../lib/gcc/arm-none-eabi/9.3.1/thumb/v7e-m/nofp/crtn.o
 .data          0x0000000000000000        0x0 c:/st/stm32cubeide_1.8.0/stm32cubeide/plugins/com.st.stm32cube.ide.mcu.externaltools.gnu-tools-for-stm32.9-2020-q2-update.win32_2.0.0.202105311346/tools/bin/../lib/gcc/arm-none-eabi/9.3.1/thumb/v7e-m/nofp/crtn.o
 .bss           0x0000000000000000        0x0 c:/st/stm32cubeide_1.8.0/stm32cubeide/plugins/com.st.stm32cube.ide.mcu.externaltools.gnu-tools-for-stm32.9-2020-q2-update.win32_2.0.0.202105311346/tools/bin/../lib/gcc/arm-none-eabi/9.3.1/thumb/v7e-m/nofp/crtn.o

Memory Configuration

Name             Origin             Length             Attributes
RAM              0x0000000020000000 0x0000000000020000 xrw
FLASH            0x0000000008000000 0x0000000000080000 xr
*default*        0x0000000000000000 0xffffffffffffffff

Linker script and memory map

LOAD c:/st/stm32cubeide_1.8.0/stm32cubeide/plugins/com.st.stm32cube.ide.mcu.externaltools.gnu-tools-for-stm32.9-2020-q2-update.win32_2.0.0.202105311346/tools/bin/../lib/gcc/arm-none-eabi/9.3.1/thumb/v7e-m/nofp/crti.o
LOAD c:/st/stm32cubeide_1.8.0/stm32cubeide/plugins/com.st.stm32cube.ide.mcu.externaltools.gnu-tools-for-stm32.9-2020-q2-update.win32_2.0.0.202105311346/tools/bin/../lib/gcc/arm-none-eabi/9.3.1/thumb/v7e-m/nofp/crtbegin.o
LOAD c:/st/stm32cubeide_1.8.0/stm32cubeide/plugins/com.st.stm32cube.ide.mcu.externaltools.gnu-tools-for-stm32.9-2020-q2-update.win32_2.0.0.202105311346/tools/bin/../lib/gcc/arm-none-eabi/9.3.1/../../../../arm-none-eabi/lib/thumb/v7e-m/nofp/crt0.o
LOAD ./Driver/Src/Stm32f44xx_SPI.o
LOAD ./Driver/Src/Stm32f44xx_gpio.o
LOAD ./Src/Led_Handle.o
LOAD ./Src/Led_InterruptHandle.o
LOAD ./Src/main.o
LOAD ./Src/syscalls.o
LOAD ./Src/sysmem.o
LOAD ./Startup/startup_stm32f446retx.o
START GROUP
LOAD c:/st/stm32cubeide_1.8.0/stm32cubeide/plugins/com.st.stm32cube.ide.mcu.externaltools.gnu-tools-for-stm32.9-2020-q2-update.win32_2.0.0.202105311346/tools/bin/../lib/gcc/arm-none-eabi/9.3.1/../../../../arm-none-eabi/lib/thumb/v7e-m/nofp\libc_nano.a
LOAD c:/st/stm32cubeide_1.8.0/stm32cubeide/plugins/com.st.stm32cube.ide.mcu.externaltools.gnu-tools-for-stm32.9-2020-q2-update.win32_2.0.0.202105311346/tools/bin/../lib/gcc/arm-none-eabi/9.3.1/../../../../arm-none-eabi/lib/thumb/v7e-m/nofp\libm.a
END GROUP
START GROUP
LOAD c:/st/stm32cubeide_1.8.0/stm32cubeide/plugins/com.st.stm32cube.ide.mcu.externaltools.gnu-tools-for-stm32.9-2020-q2-update.win32_2.0.0.202105311346/tools/bin/../lib/gcc/arm-none-eabi/9.3.1/thumb/v7e-m/nofp\libgcc.a
LOAD c:/st/stm32cubeide_1.8.0/stm32cubeide/plugins/com.st.stm32cube.ide.mcu.externaltools.gnu-tools-for-stm32.9-2020-q2-update.win32_2.0.0.202105311346/tools/bin/../lib/gcc/arm-none-eabi/9.3.1/../../../../arm-none-eabi/lib/thumb/v7e-m/nofp\libc_nano.a
END GROUP
START GROUP
LOAD c:/st/stm32cubeide_1.8.0/stm32cubeide/plugins/com.st.stm32cube.ide.mcu.externaltools.gnu-tools-for-stm32.9-2020-q2-update.win32_2.0.0.202105311346/tools/bin/../lib/gcc/arm-none-eabi/9.3.1/thumb/v7e-m/nofp\libgcc.a
LOAD c:/st/stm32cubeide_1.8.0/stm32cubeide/plugins/com.st.stm32cube.ide.mcu.externaltools.gnu-tools-for-stm32.9-2020-q2-update.win32_2.0.0.202105311346/tools/bin/../lib/gcc/arm-none-eabi/9.3.1/../../../../arm-none-eabi/lib/thumb/v7e-m/nofp\libc_nano.a
LOAD c:/st/stm32cubeide_1.8.0/stm32cubeide/plugins/com.st.stm32cube.ide.mcu.externaltools.gnu-tools-for-stm32.9-2020-q2-update.win32_2.0.0.202105311346/tools/bin/../lib/gcc/arm-none-eabi/9.3.1/../../../../arm-none-eabi/lib/thumb/v7e-m/nofp\libnosys.a
END GROUP
START GROUP
LOAD c:/st/stm32cubeide_1.8.0/stm32cubeide/plugins/com.st.stm32cube.ide.mcu.externaltools.gnu-tools-for-stm32.9-2020-q2-update.win32_2.0.0.202105311346/tools/bin/../lib/gcc/arm-none-eabi/9.3.1/thumb/v7e-m/nofp\libgcc.a
LOAD c:/st/stm32cubeide_1.8.0/stm32cubeide/plugins/com.st.stm32cube.ide.mcu.externaltools.gnu-tools-for-stm32.9-2020-q2-update.win32_2.0.0.202105311346/tools/bin/../lib/gcc/arm-none-eabi/9.3.1/../../../../arm-none-eabi/lib/thumb/v7e-m/nofp\libc_nano.a
LOAD c:/st/stm32cubeide_1.8.0/stm32cubeide/plugins/com.st.stm32cube.ide.mcu.externaltools.gnu-tools-for-stm32.9-2020-q2-update.win32_2.0.0.202105311346/tools/bin/../lib/gcc/arm-none-eabi/9.3.1/../../../../arm-none-eabi/lib/thumb/v7e-m/nofp\libnosys.a
END GROUP
LOAD c:/st/stm32cubeide_1.8.0/stm32cubeide/plugins/com.st.stm32cube.ide.mcu.externaltools.gnu-tools-for-stm32.9-2020-q2-update.win32_2.0.0.202105311346/tools/bin/../lib/gcc/arm-none-eabi/9.3.1/thumb/v7e-m/nofp/crtend.o
LOAD c:/st/stm32cubeide_1.8.0/stm32cubeide/plugins/com.st.stm32cube.ide.mcu.externaltools.gnu-tools-for-stm32.9-2020-q2-update.win32_2.0.0.202105311346/tools/bin/../lib/gcc/arm-none-eabi/9.3.1/thumb/v7e-m/nofp/crtn.o
                0x0000000020020000                _estack = (ORIGIN (RAM) + LENGTH (RAM))
                0x0000000000000200                _Min_Heap_Size = 0x200
                0x0000000000000400                _Min_Stack_Size = 0x400

.isr_vector     0x0000000008000000      0x1c4
                0x0000000008000000                . = ALIGN (0x4)
 *(.isr_vector)
 .isr_vector    0x0000000008000000      0x1c4 ./Startup/startup_stm32f446retx.o
                0x0000000008000000                g_pfnVectors
                0x00000000080001c4                . = ALIGN (0x4)

.text           0x00000000080001c4      0x954
                0x00000000080001c4                . = ALIGN (0x4)
 *(.text)
 .text          0x00000000080001c4       0x40 c:/st/stm32cubeide_1.8.0/stm32cubeide/plugins/com.st.stm32cube.ide.mcu.externaltools.gnu-tools-for-stm32.9-2020-q2-update.win32_2.0.0.202105311346/tools/bin/../lib/gcc/arm-none-eabi/9.3.1/thumb/v7e-m/nofp/crtbegin.o
 *(.text*)
 .text.GPIO_Init
                0x0000000008000204      0x360 ./Driver/Src/Stm32f44xx_gpio.o
                0x0000000008000204                GPIO_Init
 .text.GPIO_ClockControl
                0x0000000008000564      0x1a0 ./Driver/Src/Stm32f44xx_gpio.o
                0x0000000008000564                GPIO_ClockControl
 .text.GPIO_WritePin
                0x0000000008000704       0x48 ./Driver/Src/Stm32f44xx_gpio.o
                0x0000000008000704                GPIO_WritePin
 .text.GPIO_TogglePin
                0x000000000800074c       0x28 ./Driver/Src/Stm32f44xx_gpio.o
                0x000000000800074c                GPIO_TogglePin
 .text.GPIO_IRQConfig
                0x0000000008000774      0x104 ./Driver/Src/Stm32f44xx_gpio.o
                0x0000000008000774                GPIO_IRQConfig
 .text.GPIO_IRQPriorityConfig
                0x0000000008000878       0x78 ./Driver/Src/Stm32f44xx_gpio.o
                0x0000000008000878                GPIO_IRQPriorityConfig
 .text.GPIO_IRQHandler
                0x00000000080008f0       0x70 ./Driver/Src/Stm32f44xx_gpio.o
                0x00000000080008f0                GPIO_IRQHandler
 .text.gpio_delay
                0x0000000008000960       0x34 ./Driver/Src/Stm32f44xx_gpio.o
 .text.LedToggle_GpioInit
                0x0000000008000994       0x4c ./Src/Led_Handle.o
                0x0000000008000994                LedToggle_GpioInit
 .text.LedInterrupt_ButtonInit
                0x00000000080009e0       0x58 ./Src/Led_InterruptHandle.o
                0x00000000080009e0                LedInterrupt_ButtonInit
 .text.main     0x0000000008000a38        0xe ./Src/main.o
                0x0000000008000a38                main
 .text.EXTI15_10_IRQHandler
                0x0000000008000a46        0xe ./Src/main.o
                0x0000000008000a46                EXTI15_10_IRQHandler
 .text.Reset_Handler
                0x0000000008000a54       0x50 ./Startup/startup_stm32f446retx.o
                0x0000000008000a54                Reset_Handler
 .text.Default_Handler
                0x0000000008000aa4        0x2 ./Startup/startup_stm32f446retx.o
                0x0000000008000aa4                RTC_Alarm_IRQHandler
                0x0000000008000aa4                EXTI2_IRQHandler
                0x0000000008000aa4                TIM8_CC_IRQHandler
                0x0000000008000aa4                SPDIF_Rx_IRQHandler
                0x0000000008000aa4                DebugMon_Handler
                0x0000000008000aa4                SPI4_IRQHandler
                0x0000000008000aa4                TIM1_CC_IRQHandler
                0x0000000008000aa4                QuadSPI_IRQHandler
                0x0000000008000aa4                DMA2_Stream5_IRQHandler
                0x0000000008000aa4                HardFault_Handler
                0x0000000008000aa4                DMA1_Stream5_IRQHandler
                0x0000000008000aa4                SysTick_Handler
                0x0000000008000aa4                PVD_IRQHandler
                0x0000000008000aa4                SDIO_IRQHandler
                0x0000000008000aa4                TAMP_STAMP_IRQHandler
                0x0000000008000aa4                PendSV_Handler
                0x0000000008000aa4                NMI_Handler
                0x0000000008000aa4                CAN2_RX1_IRQHandler
                0x0000000008000aa4                EXTI3_IRQHandler
                0x0000000008000aa4                TIM8_TRG_COM_TIM14_IRQHandler
                0x0000000008000aa4                TIM1_UP_TIM10_IRQHandler
                0x0000000008000aa4                FMPI2C1_error_IRQHandler
                0x0000000008000aa4                TIM8_UP_TIM13_IRQHandler
                0x0000000008000aa4                I2C3_ER_IRQHandler
                0x0000000008000aa4                EXTI0_IRQHandler
                0x0000000008000aa4                I2C2_EV_IRQHandler
                0x0000000008000aa4                DMA1_Stream2_IRQHandler
                0x0000000008000aa4                CAN1_RX0_IRQHandler
                0x0000000008000aa4                FPU_IRQHandler
                0x0000000008000aa4                OTG_HS_WKUP_IRQHandler
                0x0000000008000aa4                UsageFault_Handler
                0x0000000008000aa4                CAN2_SCE_IRQHandler
                0x0000000008000aa4                DMA2_Stream2_IRQHandler
                0x0000000008000aa4                SPI1_IRQHandler
                0x0000000008000aa4                TIM6_DAC_IRQHandler
                0x0000000008000aa4                TIM1_BRK_TIM9_IRQHandler
                0x0000000008000aa4                DCMI_IRQHandler
                0x0000000008000aa4                CAN2_RX0_IRQHandler
                0x0000000008000aa4                DMA2_Stream3_IRQHandler
                0x0000000008000aa4                FMPI2C1_IRQHandler
                0x0000000008000aa4                SAI2_IRQHandler
                0x0000000008000aa4                USART6_IRQHandler
                0x0000000008000aa4                USART3_IRQHandler
                0x0000000008000aa4                CAN1_RX1_IRQHandler
                0x0000000008000aa4                UART5_IRQHandler
                0x0000000008000aa4                DMA2_Stream0_IRQHandler
                0x0000000008000aa4                TIM4_IRQHandler
                0x0000000008000aa4                I2C1_EV_IRQHandler
                0x0000000008000aa4                HDMI_CEC_IRQHandler
                0x0000000008000aa4                DMA1_Stream6_IRQHandler
                0x0000000008000aa4                DMA1_Stream1_IRQHandler
                0x0000000008000aa4                UART4_IRQHandler
                0x0000000008000aa4                TIM3_IRQHandler
                0x0000000008000aa4                RCC_IRQHandler
                0x0000000008000aa4                TIM8_BRK_TIM12_IRQHandler
                0x0000000008000aa4                Default_Handler
                0x0000000008000aa4                ADC_IRQHandler
                0x0000000008000aa4                DMA1_Stream7_IRQHandler
                0x0000000008000aa4                TIM7_IRQHandler
                0x0000000008000aa4                CAN2_TX_IRQHandler
                0x0000000008000aa4                TIM5_IRQHandler
                0x0000000008000aa4                DMA2_Stream7_IRQHandler
                0x0000000008000aa4                I2C3_EV_IRQHandler
                0x0000000008000aa4                EXTI9_5_IRQHandler
                0x0000000008000aa4                RTC_WKUP_IRQHandler
                0x0000000008000aa4                SPI2_IRQHandler
                0x0000000008000aa4                OTG_HS_EP1_IN_IRQHandler
                0x0000000008000aa4                MemManage_Handler
                0x0000000008000aa4                DMA1_Stream0_IRQHandler
                0x0000000008000aa4                CAN1_TX_IRQHandler
                0x0000000008000aa4                SVC_Handler
                0x0000000008000aa4                EXTI4_IRQHandler
                0x0000000008000aa4                OTG_HS_EP1_OUT_IRQHandler
                0x0000000008000aa4                WWDG_IRQHandler
                0x0000000008000aa4                TIM2_IRQHandler
                0x0000000008000aa4                OTG_FS_WKUP_IRQHandler
                0x0000000008000aa4                TIM1_TRG_COM_TIM11_IRQHandler
                0x0000000008000aa4                OTG_HS_IRQHandler
                0x0000000008000aa4                EXTI1_IRQHandler
                0x0000000008000aa4                USART2_IRQHandler
                0x0000000008000aa4                I2C2_ER_IRQHandler
                0x0000000008000aa4                DMA2_Stream1_IRQHandler
                0x0000000008000aa4                CAN1_SCE_IRQHandler
                0x0000000008000aa4                FLASH_IRQHandler
                0x0000000008000aa4                DMA2_Stream4_IRQHandler
                0x0000000008000aa4                BusFault_Handler
                0x0000000008000aa4                USART1_IRQHandler
                0x0000000008000aa4                OTG_FS_IRQHandler
                0x0000000008000aa4                SPI3_IRQHandler
                0x0000000008000aa4                DMA1_Stream4_IRQHandler
                0x0000000008000aa4                I2C1_ER_IRQHandler
                0x0000000008000aa4                FMC_IRQHandler
                0x0000000008000aa4                DMA2_Stream6_IRQHandler
                0x0000000008000aa4                SAI1_IRQHandler
                0x0000000008000aa4                DMA1_Stream3_IRQHandler
 *fill*         0x0000000008000aa6        0x2 
 .text.__libc_init_array
                0x0000000008000aa8       0x48 c:/st/stm32cubeide_1.8.0/stm32cubeide/plugins/com.st.stm32cube.ide.mcu.externaltools.gnu-tools-for-stm32.9-2020-q2-update.win32_2.0.0.202105311346/tools/bin/../lib/gcc/arm-none-eabi/9.3.1/../../../../arm-none-eabi/lib/thumb/v7e-m/nofp\libc_nano.a(lib_a-init.o)
                0x0000000008000aa8                __libc_init_array
 .text.memset   0x0000000008000af0       0x10 c:/st/stm32cubeide_1.8.0/stm32cubeide/plugins/com.st.stm32cube.ide.mcu.externaltools.gnu-tools-for-stm32.9-2020-q2-update.win32_2.0.0.202105311346/tools/bin/../lib/gcc/arm-none-eabi/9.3.1/../../../../arm-none-eabi/lib/thumb/v7e-m/nofp\libc_nano.a(lib_a-memset.o)
                0x0000000008000af0                memset
 *(.glue_7)
 .glue_7        0x0000000008000b00        0x0 linker stubs
 *(.glue_7t)
 .glue_7t       0x0000000008000b00        0x0 linker stubs
 *(.eh_frame)
 .eh_frame      0x0000000008000b00        0x0 c:/st/stm32cubeide_1.8.0/stm32cubeide/plugins/com.st.stm32cube.ide.mcu.externaltools.gnu-tools-for-stm32.9-2020-q2-update.win32_2.0.0.202105311346/tools/bin/../lib/gcc/arm-none-eabi/9.3.1/thumb/v7e-m/nofp/crtbegin.o
 *(.init)
 .init          0x0000000008000b00        0x4 c:/st/stm32cubeide_1.8.0/stm32cubeide/plugins/com.st.stm32cube.ide.mcu.externaltools.gnu-tools-for-stm32.9-2020-q2-update.win32_2.0.0.202105311346/tools/bin/../lib/gcc/arm-none-eabi/9.3.1/thumb/v7e-m/nofp/crti.o
                0x0000000008000b00                _init
 .init          0x0000000008000b04        0x8 c:/st/stm32cubeide_1.8.0/stm32cubeide/plugins/com.st.stm32cube.ide.mcu.externaltools.gnu-tools-for-stm32.9-2020-q2-update.win32_2.0.0.202105311346/tools/bin/../lib/gcc/arm-none-eabi/9.3.1/thumb/v7e-m/nofp/crtn.o
 *(.fini)
 .fini          0x0000000008000b0c        0x4 c:/st/stm32cubeide_1.8.0/stm32cubeide/plugins/com.st.stm32cube.ide.mcu.externaltools.gnu-tools-for-stm32.9-2020-q2-update.win32_2.0.0.202105311346/tools/bin/../lib/gcc/arm-none-eabi/9.3.1/thumb/v7e-m/nofp/crti.o
                0x0000000008000b0c                _fini
 .fini          0x0000000008000b10        0x8 c:/st/stm32cubeide_1.8.0/stm32cubeide/plugins/com.st.stm32cube.ide.mcu.externaltools.gnu-tools-for-stm32.9-2020-q2-update.win32_2.0.0.202105311346/tools/bin/../lib/gcc/arm-none-eabi/9.3.1/thumb/v7e-m/nofp/crtn.o
                0x0000000008000b18                . = ALIGN (0x4)
                0x0000000008000b18                _etext = .

.vfp11_veneer   0x0000000008000b18        0x0
 .vfp11_veneer  0x0000000008000b18        0x0 linker stubs

.v4_bx          0x0000000008000b18        0x0
 .v4_bx         0x0000000008000b18        0x0 linker stubs

.iplt           0x0000000008000b18        0x0
 .iplt          0x0000000008000b18        0x0 c:/st/stm32cubeide_1.8.0/stm32cubeide/plugins/com.st.stm32cube.ide.mcu.externaltools.gnu-tools-for-stm32.9-2020-q2-update.win32_2.0.0.202105311346/tools/bin/../lib/gcc/arm-none-eabi/9.3.1/thumb/v7e-m/nofp/crtbegin.o

.rel.dyn        0x0000000008000b18        0x0
 .rel.iplt      0x0000000008000b18        0x0 c:/st/stm32cubeide_1.8.0/stm32cubeide/plugins/com.st.stm32cube.ide.mcu.externaltools.gnu-tools-for-stm32.9-2020-q2-update.win32_2.0.0.202105311346/tools/bin/../lib/gcc/arm-none-eabi/9.3.1/thumb/v7e-m/nofp/crtbegin.o

.rodata         0x0000000008000b18        0x0
                0x0000000008000b18                . = ALIGN (0x4)
 *(.rodata)
 *(.rodata*)
                0x0000000008000b18                . = ALIGN (0x4)

.ARM.extab      0x0000000008000b18        0x0
                0x0000000008000b18                . = ALIGN (0x4)
 *(.ARM.extab* .gnu.linkonce.armextab.*)
                0x0000000008000b18                . = ALIGN (0x4)

.ARM            0x0000000008000b18        0x0
                0x0000000008000b18                . = ALIGN (0x4)
                0x0000000008000b18                __exidx_start = .
 *(.ARM.exidx*)
                0x0000000008000b18                __exidx_end = .
                0x0000000008000b18                . = ALIGN (0x4)

.preinit_array  0x0000000008000b18        0x0
                0x0000000008000b18                . = ALIGN (0x4)
                0x0000000008000b18                PROVIDE (__preinit_array_start = .)
 *(.preinit_array*)
                0x0000000008000b18                PROVIDE (__preinit_array_end = .)
                0x0000000008000b18                . = ALIGN (0x4)

.init_array     0x0000000008000b18        0x4
                0x0000000008000b18                . = ALIGN (0x4)
                0x0000000008000b18                PROVIDE (__init_array_start = .)
 *(SORT_BY_NAME(.init_array.*))
 *(.init_array*)
 .init_array    0x0000000008000b18        0x4 c:/st/stm32cubeide_1.8.0/stm32cubeide/plugins/com.st.stm32cube.ide.mcu.externaltools.gnu-tools-for-stm32.9-2020-q2-update.win32_2.0.0.202105311346/tools/bin/../lib/gcc/arm-none-eabi/9.3.1/thumb/v7e-m/nofp/crtbegin.o
                0x0000000008000b1c                PROVIDE (__init_array_end = .)
                0x0000000008000b1c                . = ALIGN (0x4)

.fini_array     0x0000000008000b1c        0x4
                0x0000000008000b1c                . = ALIGN (0x4)
                [!provide]                        PROVIDE (__fini_array_start = .)
 *(SORT_BY_NAME(.fini_array.*))
 *(.fini_array*)
 .fini_array    0x0000000008000b1c        0x4 c:/st/stm32cubeide_1.8.0/stm32cubeide/plugins/com.st.stm32cube.ide.mcu.externaltools.gnu-tools-for-stm32.9-2020-q2-update.win32_2.0.0.202105311346/tools/bin/../lib/gcc/arm-none-eabi/9.3.1/thumb/v7e-m/nofp/crtbegin.o
                [!provide]                        PROVIDE (__fini_array_end = .)
                0x0000000008000b20                . = ALIGN (0x4)
                0x0000000008000b20                _sidata = LOADADDR (.data)

.data           0x0000000020000000        0x0 load address 0x0000000008000b20
                0x0000000020000000                . = ALIGN (0x4)
                0x0000000020000000                _sdata = .
 *(.data)
 *(.data*)
 *(.RamFunc)
 *(.RamFunc*)
                0x0000000020000000                . = ALIGN (0x4)
                0x0000000020000000                _edata = .

.igot.plt       0x0000000020000000        0x0 load address 0x0000000008000b20
 .igot.plt      0x0000000020000000        0x0 c:/st/stm32cubeide_1.8.0/stm32cubeide/plugins/com.st.stm32cube.ide.mcu.externaltools.gnu-tools-for-stm32.9-2020-q2-update.win32_2.0.0.202105311346/tools/bin/../lib/gcc/arm-none-eabi/9.3.1/thumb/v7e-m/nofp/crtbegin.o
                0x0000000020000000                . = ALIGN (0x4)

.bss            0x0000000020000000       0x28 load address 0x0000000008000b20
                0x0000000020000000                _sbss = .
                0x0000000020000000                __bss_start__ = _sbss
 *(.bss)
 .bss           0x0000000020000000       0x1c c:/st/stm32cubeide_1.8.0/stm32cubeide/plugins/com.st.stm32cube.ide.mcu.externaltools.gnu-tools-for-stm32.9-2020-q2-update.win32_2.0.0.202105311346/tools/bin/../lib/gcc/arm-none-eabi/9.3.1/thumb/v7e-m/nofp/crtbegin.o
 *(.bss*)
 .bss.gpio_temphandler.4314
                0x000000002000001c        0x4 ./Driver/Src/Stm32f44xx_gpio.o
 .bss.EXTI_Temp1.4315
                0x0000000020000020        0x1 ./Driver/Src/Stm32f44xx_gpio.o
 .bss.EXTI_Temp2.4316
                0x0000000020000021        0x1 ./Driver/Src/Stm32f44xx_gpio.o
 .bss.gpio_AfTemp_handlel.4317
                0x0000000020000022        0x1 ./Driver/Src/Stm32f44xx_gpio.o
 .bss.gpio_AfTemp_handleh.4318
                0x0000000020000023        0x1 ./Driver/Src/Stm32f44xx_gpio.o
 .bss.iprx.4356
                0x0000000020000024        0x1 ./Driver/Src/Stm32f44xx_gpio.o
 .bss.iprx_section.4357
                0x0000000020000025        0x1 ./Driver/Src/Stm32f44xx_gpio.o
 .bss.shift_amount.4358
                0x0000000020000026        0x1 ./Driver/Src/Stm32f44xx_gpio.o
 .bss.count.4362
                0x0000000020000027        0x1 ./Driver/Src/Stm32f44xx_gpio.o
 *(COMMON)
                0x0000000020000028                . = ALIGN (0x4)
                0x0000000020000028                _ebss = .
                0x0000000020000028                __bss_end__ = _ebss

._user_heap_stack
                0x0000000020000028      0x600 load address 0x0000000008000b20
                0x0000000020000028                . = ALIGN (0x8)
                [!provide]                        PROVIDE (end = .)
                0x0000000020000028                PROVIDE (_end = .)
                0x0000000020000228                . = (. + _Min_Heap_Size)
 *fill*         0x0000000020000028      0x200 
                0x0000000020000628                . = (. + _Min_Stack_Size)
 *fill*         0x0000000020000228      0x400 
                0x0000000020000628                . = ALIGN (0x8)

/DISCARD/
 libc.a(*)
 libm.a(*)
 libgcc.a(*)

.ARM.attributes
                0x0000000000000000       0x2a
 *(.ARM.attributes)
 .ARM.attributes
                0x0000000000000000       0x1e c:/st/stm32cubeide_1.8.0/stm32cubeide/plugins/com.st.stm32cube.ide.mcu.externaltools.gnu-tools-for-stm32.9-2020-q2-update.win32_2.0.0.202105311346/tools/bin/../lib/gcc/arm-none-eabi/9.3.1/thumb/v7e-m/nofp/crti.o
 .ARM.attributes
                0x000000000000001e       0x2e c:/st/stm32cubeide_1.8.0/stm32cubeide/plugins/com.st.stm32cube.ide.mcu.externaltools.gnu-tools-for-stm32.9-2020-q2-update.win32_2.0.0.202105311346/tools/bin/../lib/gcc/arm-none-eabi/9.3.1/thumb/v7e-m/nofp/crtbegin.o
 .ARM.attributes
                0x000000000000004c       0x2e ./Driver/Src/Stm32f44xx_gpio.o
 .ARM.attributes
                0x000000000000007a       0x2e ./Src/Led_Handle.o
 .ARM.attributes
                0x00000000000000a8       0x2e ./Src/Led_InterruptHandle.o
 .ARM.attributes
                0x00000000000000d6       0x2e ./Src/main.o
 .ARM.attributes
                0x0000000000000104       0x21 ./Startup/startup_stm32f446retx.o
 .ARM.attributes
                0x0000000000000125       0x2e c:/st/stm32cubeide_1.8.0/stm32cubeide/plugins/com.st.stm32cube.ide.mcu.externaltools.gnu-tools-for-stm32.9-2020-q2-update.win32_2.0.0.202105311346/tools/bin/../lib/gcc/arm-none-eabi/9.3.1/../../../../arm-none-eabi/lib/thumb/v7e-m/nofp\libc_nano.a(lib_a-init.o)
 .ARM.attributes
                0x0000000000000153       0x2e c:/st/stm32cubeide_1.8.0/stm32cubeide/plugins/com.st.stm32cube.ide.mcu.externaltools.gnu-tools-for-stm32.9-2020-q2-update.win32_2.0.0.202105311346/tools/bin/../lib/gcc/arm-none-eabi/9.3.1/../../../../arm-none-eabi/lib/thumb/v7e-m/nofp\libc_nano.a(lib_a-memset.o)
 .ARM.attributes
                0x0000000000000181       0x1e c:/st/stm32cubeide_1.8.0/stm32cubeide/plugins/com.st.stm32cube.ide.mcu.externaltools.gnu-tools-for-stm32.9-2020-q2-update.win32_2.0.0.202105311346/tools/bin/../lib/gcc/arm-none-eabi/9.3.1/thumb/v7e-m/nofp/crtn.o
OUTPUT(driver_stm32f446xx.elf elf32-littlearm)
LOAD linker stubs
LOAD c:/st/stm32cubeide_1.8.0/stm32cubeide/plugins/com.st.stm32cube.ide.mcu.externaltools.gnu-tools-for-stm32.9-2020-q2-update.win32_2.0.0.202105311346/tools/bin/../lib/gcc/arm-none-eabi/9.3.1/../../../../arm-none-eabi/lib/thumb/v7e-m/nofp\libc.a
LOAD c:/st/stm32cubeide_1.8.0/stm32cubeide/plugins/com.st.stm32cube.ide.mcu.externaltools.gnu-tools-for-stm32.9-2020-q2-update.win32_2.0.0.202105311346/tools/bin/../lib/gcc/arm-none-eabi/9.3.1/../../../../arm-none-eabi/lib/thumb/v7e-m/nofp\libm.a
LOAD c:/st/stm32cubeide_1.8.0/stm32cubeide/plugins/com.st.stm32cube.ide.mcu.externaltools.gnu-tools-for-stm32.9-2020-q2-update.win32_2.0.0.202105311346/tools/bin/../lib/gcc/arm-none-eabi/9.3.1/thumb/v7e-m/nofp\libgcc.a

.debug_info     0x0000000000000000     0x279e
 .debug_info    0x0000000000000000      0x847 ./Driver/Src/Stm32f44xx_gpio.o
 .debug_info    0x0000000000000847      0xb0d ./Src/Led_Handle.o
 .debug_info    0x0000000000001354      0xae7 ./Src/Led_InterruptHandle.o
 .debug_info    0x0000000000001e3b      0x941 ./Src/main.o
 .debug_info    0x000000000000277c       0x22 ./Startup/startup_stm32f446retx.o

.debug_abbrev   0x0000000000000000      0x760
 .debug_abbrev  0x0000000000000000      0x1d7 ./Driver/Src/Stm32f44xx_gpio.o
 .debug_abbrev  0x00000000000001d7      0x1fc ./Src/Led_Handle.o
 .debug_abbrev  0x00000000000003d3      0x1de ./Src/Led_InterruptHandle.o
 .debug_abbrev  0x00000000000005b1      0x19d ./Src/main.o
 .debug_abbrev  0x000000000000074e       0x12 ./Startup/startup_stm32f446retx.o

.debug_aranges  0x0000000000000000      0x120
 .debug_aranges
                0x0000000000000000       0x78 ./Driver/Src/Stm32f44xx_gpio.o
 .debug_aranges
                0x0000000000000078       0x30 ./Src/Led_Handle.o
 .debug_aranges
                0x00000000000000a8       0x28 ./Src/Led_InterruptHandle.o
 .debug_aranges
                0x00000000000000d0       0x28 ./Src/main.o
 .debug_aranges
                0x00000000000000f8       0x28 ./Startup/startup_stm32f446retx.o

.debug_ranges   0x0000000000000000       0xd8
 .debug_ranges  0x0000000000000000       0x68 ./Driver/Src/Stm32f44xx_gpio.o
 .debug_ranges  0x0000000000000068       0x20 ./Src/Led_Handle.o
 .debug_ranges  0x0000000000000088       0x18 ./Src/Led_InterruptHandle.o
 .debug_ranges  0x00000000000000a0       0x18 ./Src/main.o
 .debug_ranges  0x00000000000000b8       0x20 ./Startup/startup_stm32f446retx.o

.debug_macro    0x0000000000000000     0x16b4
 .debug_macro   0x0000000000000000       0x7b ./Driver/Src/Stm32f44xx_gpio.o
 .debug_macro   0x000000000000007b      0x1a5 ./Driver/Src/Stm32f44xx_gpio.o
 .debug_macro   0x0000000000000220      0x151 ./Src/Led_Handle.o
 .debug_macro   0x0000000000000371       0x4c ./Src/Led_Handle.o
 .debug_macro   0x00000000000003bd       0x18 ./Src/Led_Handle.o
 .debug_macro   0x00000000000003d5       0x94 ./Src/Led_Handle.o
 .debug_macro   0x0000000000000469       0x3c ./Src/Led_Handle.o
 .debug_macro   0x00000000000004a5       0x34 ./Src/Led_Handle.o
 .debug_macro   0x00000000000004d9      0x174 ./Src/Led_Handle.o
 .debug_macro   0x000000000000064d       0x16 ./Src/Led_Handle.o
 .debug_macro   0x0000000000000663       0x43 ./Src/Led_Handle.o
 .debug_macro   0x00000000000006a6       0x57 ./Src/Led_Handle.o
 .debug_macro   0x00000000000006fd       0x34 ./Src/Led_Handle.o
 .debug_macro   0x0000000000000731       0x10 ./Src/Led_Handle.o
 .debug_macro   0x0000000000000741       0x58 ./Src/Led_Handle.o
 .debug_macro   0x0000000000000799       0x71 ./Src/Led_Handle.o
 .debug_macro   0x000000000000080a       0x1c ./Src/Led_Handle.o
 .debug_macro   0x0000000000000826      0x12a ./Src/Led_Handle.o
 .debug_macro   0x0000000000000950      0x339 ./Src/Led_Handle.o
 .debug_macro   0x0000000000000c89       0x10 ./Src/Led_Handle.o
 .debug_macro   0x0000000000000c99       0x35 ./Src/Led_Handle.o
 .debug_macro   0x0000000000000cce       0x20 ./Src/Led_Handle.o
 .debug_macro   0x0000000000000cee       0x16 ./Src/Led_Handle.o
 .debug_macro   0x0000000000000d04      0x152 ./Src/Led_InterruptHandle.o
 .debug_macro   0x0000000000000e56      0x207 ./Src/main.o
 .debug_macro   0x000000000000105d       0x52 ./Src/main.o
 .debug_macro   0x00000000000010af       0x16 ./Src/main.o
 .debug_macro   0x00000000000010c5       0x97 ./Src/main.o
 .debug_macro   0x000000000000115c       0xfd ./Src/main.o
 .debug_macro   0x0000000000001259       0x10 ./Src/main.o
 .debug_macro   0x0000000000001269       0x10 ./Src/main.o
 .debug_macro   0x0000000000001279       0x1c ./Src/main.o
 .debug_macro   0x0000000000001295       0x52 ./Src/main.o
 .debug_macro   0x00000000000012e7       0x22 ./Src/main.o
 .debug_macro   0x0000000000001309       0x10 ./Src/main.o
 .debug_macro   0x0000000000001319       0x40 ./Src/main.o
 .debug_macro   0x0000000000001359       0xd5 ./Src/main.o
 .debug_macro   0x000000000000142e       0x1c ./Src/main.o
 .debug_macro   0x000000000000144a       0x3d ./Src/main.o
 .debug_macro   0x0000000000001487       0x16 ./Src/main.o
 .debug_macro   0x000000000000149d      0x145 ./Src/main.o
 .debug_macro   0x00000000000015e2       0x52 ./Src/main.o
 .debug_macro   0x0000000000001634       0x2e ./Src/main.o
 .debug_macro   0x0000000000001662       0x52 ./Src/main.o

.debug_line     0x0000000000000000     0x1c26
 .debug_line    0x0000000000000000      0x937 ./Driver/Src/Stm32f44xx_gpio.o
 .debug_line    0x0000000000000937      0x5fd ./Src/Led_Handle.o
 .debug_line    0x0000000000000f34      0x5e8 ./Src/Led_InterruptHandle.o
 .debug_line    0x000000000000151c      0x686 ./Src/main.o
 .debug_line    0x0000000000001ba2       0x84 ./Startup/startup_stm32f446retx.o

.debug_str      0x0000000000000000     0x9bd9
 .debug_str     0x0000000000000000     0x520e ./Driver/Src/Stm32f44xx_gpio.o
                                       0x53a5 (size before relaxing)
 .debug_str     0x000000000000520e     0x34ee ./Src/Led_Handle.o
                                       0x865f (size before relaxing)
 .debug_str     0x00000000000086fc       0x4d ./Src/Led_InterruptHandle.o
                                       0x8631 (size before relaxing)
 .debug_str     0x0000000000008749     0x145f ./Src/main.o
                                       0x9914 (size before relaxing)
 .debug_str     0x0000000000009ba8       0x31 ./Startup/startup_stm32f446retx.o
                                         0x93 (size before relaxing)

.comment        0x0000000000000000       0x53
 .comment       0x0000000000000000       0x53 ./Driver/Src/Stm32f44xx_gpio.o
                                         0x54 (size before relaxing)
 .comment       0x0000000000000053       0x54 ./Src/Led_Handle.o
 .comment       0x0000000000000053       0x54 ./Src/Led_InterruptHandle.o
 .comment       0x0000000000000053       0x54 ./Src/main.o

.debug_frame    0x0000000000000000      0x35c
 .debug_frame   0x0000000000000000      0x1f0 ./Driver/Src/Stm32f44xx_gpio.o
 .debug_frame   0x00000000000001f0       0x7c ./Src/Led_Handle.o
 .debug_frame   0x000000000000026c       0x5c ./Src/Led_InterruptHandle.o
 .debug_frame   0x00000000000002c8       0x48 ./Src/main.o
 .debug_frame   0x0000000000000310       0x2c c:/st/stm32cubeide_1.8.0/stm32cubeide/plugins/com.st.stm32cube.ide.mcu.externaltools.gnu-tools-for-stm32.9-2020-q2-update.win32_2.0.0.202105311346/tools/bin/../lib/gcc/arm-none-eabi/9.3.1/../../../../arm-none-eabi/lib/thumb/v7e-m/nofp\libc_nano.a(lib_a-init.o)
 .debug_frame   0x000000000000033c       0x20 c:/st/stm32cubeide_1.8.0/stm32cubeide/plugins/com.st.stm32cube.ide.mcu.externaltools.gnu-tools-for-stm32.9-2020-q2-update.win32_2.0.0.202105311346/tools/bin/../lib/gcc/arm-none-eabi/9.3.1/../../../../arm-none-eabi/lib/thumb/v7e-m/nofp\libc_nano.a(lib_a-memset.o)
