14:26:16 **** Incremental Build of configuration Debug for project driver_stm32f446xx ****
make -j12 all 
arm-none-eabi-gcc "../Src/Led_Handle.c" -mcpu=cortex-m4 -std=gnu11 -g3 -DDEBUG -DSTM32 -DSTM32F4 -DSTM32F446RETx -DNUCLEO_F446RE -c -I../Inc -I"C:/Ad_Docs/Embedded Systems/git/driver_stm32f44/stm32_driver_development/driver_stm32f446xx/Driver/Src" -I"C:/Ad_Docs/Embedded Systems/git/driver_stm32f44/stm32_driver_development/driver_stm32f446xx/Driver/Inc" -O0 -ffunction-sections -fdata-sections -Wall -fstack-usage -MMD -MP -MF"Src/Led_Handle.d" -MT"Src/Led_Handle.o" --specs=nano.specs -mfloat-abi=soft -mthumb -o "Src/Led_Handle.o"
arm-none-eabi-gcc "../Src/Led_InterruptHandle.c" -mcpu=cortex-m4 -std=gnu11 -g3 -DDEBUG -DSTM32 -DSTM32F4 -DSTM32F446RETx -DNUCLEO_F446RE -c -I../Inc -I"C:/Ad_Docs/Embedded Systems/git/driver_stm32f44/stm32_driver_development/driver_stm32f446xx/Driver/Src" -I"C:/Ad_Docs/Embedded Systems/git/driver_stm32f44/stm32_driver_development/driver_stm32f446xx/Driver/Inc" -O0 -ffunction-sections -fdata-sections -Wall -fstack-usage -MMD -MP -MF"Src/Led_InterruptHandle.d" -MT"Src/Led_InterruptHandle.o" --specs=nano.specs -mfloat-abi=soft -mthumb -o "Src/Led_InterruptHandle.o"
arm-none-eabi-gcc "../Src/main.c" -mcpu=cortex-m4 -std=gnu11 -g3 -DDEBUG -DSTM32 -DSTM32F4 -DSTM32F446RETx -DNUCLEO_F446RE -c -I../Inc -I"C:/Ad_Docs/Embedded Systems/git/driver_stm32f44/stm32_driver_development/driver_stm32f446xx/Driver/Src" -I"C:/Ad_Docs/Embedded Systems/git/driver_stm32f44/stm32_driver_development/driver_stm32f446xx/Driver/Inc" -O0 -ffunction-sections -fdata-sections -Wall -fstack-usage -MMD -MP -MF"Src/main.d" -MT"Src/main.o" --specs=nano.specs -mfloat-abi=soft -mthumb -o "Src/main.o"
arm-none-eabi-gcc "../Src/syscalls.c" -mcpu=cortex-m4 -std=gnu11 -g3 -DDEBUG -DSTM32 -DSTM32F4 -DSTM32F446RETx -DNUCLEO_F446RE -c -I../Inc -I"C:/Ad_Docs/Embedded Systems/git/driver_stm32f44/stm32_driver_development/driver_stm32f446xx/Driver/Src" -I"C:/Ad_Docs/Embedded Systems/git/driver_stm32f44/stm32_driver_development/driver_stm32f446xx/Driver/Inc" -O0 -ffunction-sections -fdata-sections -Wall -fstack-usage -MMD -MP -MF"Src/syscalls.d" -MT"Src/syscalls.o" --specs=nano.specs -mfloat-abi=soft -mthumb -o "Src/syscalls.o"
arm-none-eabi-gcc "../Src/sysmem.c" -mcpu=cortex-m4 -std=gnu11 -g3 -DDEBUG -DSTM32 -DSTM32F4 -DSTM32F446RETx -DNUCLEO_F446RE -c -I../Inc -I"C:/Ad_Docs/Embedded Systems/git/driver_stm32f44/stm32_driver_development/driver_stm32f446xx/Driver/Src" -I"C:/Ad_Docs/Embedded Systems/git/driver_stm32f44/stm32_driver_development/driver_stm32f446xx/Driver/Inc" -O0 -ffunction-sections -fdata-sections -Wall -fstack-usage -MMD -MP -MF"Src/sysmem.d" -MT"Src/sysmem.o" --specs=nano.specs -mfloat-abi=soft -mthumb -o "Src/sysmem.o"
arm-none-eabi-gcc -o "driver_stm32f446xx.elf" @"objects.list"   -mcpu=cortex-m4 -T"C:\Ad_Docs\Embedded Systems\git\driver_stm32f44\stm32_driver_development\driver_stm32f446xx\STM32F446RETX_FLASH.ld" --specs=nosys.specs -Wl,-Map="driver_stm32f446xx.map" -Wl,--gc-sections -static --specs=nano.specs -mfloat-abi=soft -mthumb -Wl,--start-group -lc -lm -Wl,--end-group
Finished building target: driver_stm32f446xx.elf
 
arm-none-eabi-size   driver_stm32f446xx.elf 
arm-none-eabi-objdump -h -S  driver_stm32f446xx.elf  > "driver_stm32f446xx.list"
   text	   data	    bss	    dec	    hex	filename
   2388	      8	   1576	   3972	    f84	driver_stm32f446xx.elf
Finished building: default.size.stdout
Finished building: driver_stm32f446xx.list
 
arm-none-eabi-objcopy  -O binary  driver_stm32f446xx.elf  "driver_stm32f446xx.bin"
 
Finished building: driver_stm32f446xx.bin
 

14:26:37 Build Finished. 0 errors, 0 warnings. (took 21s.130ms)

