19:54:47 **** Incremental Build of configuration Debug for project driver_stm32f446xx ****
make -j12 all 
arm-none-eabi-gcc "../Src/main.c" -mcpu=cortex-m4 -std=gnu11 -g3 -DDEBUG -DSTM32 -DSTM32F4 -DSTM32F446RETx -DNUCLEO_F446RE -c -I../Inc -I"C:/Ad_Docs/Embedded Systems/git/driver_stm32f44/stm32_driver_development/driver_stm32f446xx/Driver/Inc" -O0 -ffunction-sections -fdata-sections -Wall -fstack-usage -MMD -MP -MF"Src/main.d" -MT"Src/main.o" --specs=nano.specs -mfloat-abi=soft -mthumb -o "Src/main.o"
arm-none-eabi-gcc -o "driver_stm32f446xx.elf" @"objects.list"   -mcpu=cortex-m4 -T"C:\Ad_Docs\Embedded Systems\git\driver_stm32f44\stm32_driver_development\driver_stm32f446xx\STM32F446RETX_FLASH.ld" --specs=nosys.specs -Wl,-Map="driver_stm32f446xx.map" -Wl,--gc-sections -static --specs=nano.specs -mfloat-abi=soft -mthumb -Wl,--start-group -lc -lm -Wl,--end-group
Finished building target: driver_stm32f446xx.elf
 
arm-none-eabi-size   driver_stm32f446xx.elf 
arm-none-eabi-objdump -h -S  driver_stm32f446xx.elf  > "driver_stm32f446xx.list"
   text	   data	    bss	    dec	    hex	filename
    704	      8	   1568	   2280	    8e8	driver_stm32f446xx.elf
arm-none-eabi-objcopy  -O binary  driver_stm32f446xx.elf  "driver_stm32f446xx.bin"
Finished building: default.size.stdout
Finished building: driver_stm32f446xx.list
 
 
Finished building: driver_stm32f446xx.bin
 
